// Jest Snapshot v1, https://goo.gl/fbAQLP

exports[`HomeWeather component matches snapshot 1`] = `""`;
