// Jest Snapshot v1, https://goo.gl/fbAQLP

exports[`Weather component matches snapshot 1`] = `
<div
  className="weather-container"
  data-testid="favoriteWeather"
>
  
</div>
`;
